
> react-kavia@0.1.0 start
> react-scripts start

(node:3163) [DEP_WEBPACK_DEV_SERVER_ON_AFTER_SETUP_MIDDLEWARE] DeprecationWarning: 'onAfterSetupMiddleware' option is deprecated. Please use the 'setupMiddlewares' option.
(Use `node --trace-deprecation ...` to show where the warning was created)
(node:3163) [DEP_WEBPACK_DEV_SERVER_ON_BEFORE_SETUP_MIDDLEWARE] DeprecationWarning: 'onBeforeSetupMiddleware' option is deprecated. Please use the 'setupMiddlewares' option.
Starting the development server...

Compiled with warnings.

[eslint] 
src/components/Dashboard.js
  Line 29:12:  'storePlans' is defined but never used  no-unused-vars

Search for the keywords to learn more about each warning.
To ignore, add // eslint-disable-next-line to the line before.

WARNING in [eslint] 
src/components/Dashboard.js
  Line 29:12:  'storePlans' is defined but never used  no-unused-vars

webpack compiled with 1 warning
Compiling...
Compiled with warnings.

[eslint] 
src/components/Dashboard.js
  Line 29:12:  'storePlans' is defined but never used  no-unused-vars

Search for the keywords to learn more about each warning.
To ignore, add // eslint-disable-next-line to the line before.

WARNING in [eslint] 
src/components/Dashboard.js
  Line 29:12:  'storePlans' is defined but never used  no-unused-vars

webpack compiled with 1 warning
Compiling...
Failed to compile.

[eslint] 
src/components/Dashboard.js
  Line 333:16:  'Dashboagroc' is not defined  no-undef

Search for the keywords to learn more about each error.
WARNING in [eslint] 
src/components/Dashboard.js
  Line 9:10:   'Dashboard' is defined but never used   no-unused-vars
  Line 29:12:  'storePlans' is defined but never used  no-unused-vars

ERROR in [eslint] 
src/components/Dashboard.js
  Line 333:16:  'Dashboagroc' is not defined  no-undef

Search for the keywords to learn more about each error.

webpack compiled with 1 error and 1 warning
Compiling...
Failed to compile.

[eslint] 
src/components/Dashboard.js
  Line 333:16:  'Dashboagroc' is not defined  no-undef

Search for the keywords to learn more about each error.
WARNING in [eslint] 
src/components/Dashboard.js
  Line 9:10:   'Dashboard' is defined but never used   no-unused-vars
  Line 29:12:  'storePlans' is defined but never used  no-unused-vars

src/components/GroceryList.js
  Line 44:9:   The 'mockRecipes' array makes the dependencies of useMemo Hook (at line 189) change on every render. To fix this, wrap the initialization of 'mockRecipes' in its own useMemo() Hook  react-hooks/exhaustive-deps
  Line 116:6:  React Hook useMemo has a missing dependency: 'defaultMealPlans'. Either include it or remove the dependency array                                                                     react-hooks/exhaustive-deps

ERROR in [eslint] 
src/components/Dashboard.js
  Line 333:16:  'Dashboagroc' is not defined  no-undef

Search for the keywords to learn more about each error.

webpack compiled with 1 error and 1 warning
Compiling...
Compiled with warnings.

[eslint] 
src/components/Dashboard.js
  Line 29:12:  'storePlans' is defined but never used  no-unused-vars

src/components/GroceryList.js
  Line 44:9:   The 'mockRecipes' array makes the dependencies of useMemo Hook (at line 189) change on every render. To fix this, wrap the initialization of 'mockRecipes' in its own useMemo() Hook  react-hooks/exhaustive-deps
  Line 116:6:  React Hook useMemo has a missing dependency: 'defaultMealPlans'. Either include it or remove the dependency array                                                                     react-hooks/exhaustive-deps

Search for the keywords to learn more about each warning.
To ignore, add // eslint-disable-next-line to the line before.

WARNING in [eslint] 
src/components/Dashboard.js
  Line 29:12:  'storePlans' is defined but never used  no-unused-vars

src/components/GroceryList.js
  Line 44:9:   The 'mockRecipes' array makes the dependencies of useMemo Hook (at line 189) change on every render. To fix this, wrap the initialization of 'mockRecipes' in its own useMemo() Hook  react-hooks/exhaustive-deps
  Line 116:6:  React Hook useMemo has a missing dependency: 'defaultMealPlans'. Either include it or remove the dependency array                                                                     react-hooks/exhaustive-deps

webpack compiled with 1 warning
Compiling...
Compiled with warnings.

[eslint] 
src/components/Dashboard.js
  Line 29:12:  'storePlans' is defined but never used  no-unused-vars

src/components/GroceryList.js
  Line 44:9:   The 'mockRecipes' array makes the dependencies of useMemo Hook (at line 189) change on every render. To fix this, wrap the initialization of 'mockRecipes' in its own useMemo() Hook  react-hooks/exhaustive-deps
  Line 116:6:  React Hook useMemo has a missing dependency: 'defaultMealPlans'. Either include it or remove the dependency array                                                                     react-hooks/exhaustive-deps

Search for the keywords to learn more about each warning.
To ignore, add // eslint-disable-next-line to the line before.

WARNING in [eslint] 
src/components/Dashboard.js
  Line 29:12:  'storePlans' is defined but never used  no-unused-vars

src/components/GroceryList.js
  Line 44:9:   The 'mockRecipes' array makes the dependencies of useMemo Hook (at line 189) change on every render. To fix this, wrap the initialization of 'mockRecipes' in its own useMemo() Hook  react-hooks/exhaustive-deps
  Line 116:6:  React Hook useMemo has a missing dependency: 'defaultMealPlans'. Either include it or remove the dependency array                                                                     react-hooks/exhaustive-deps

webpack compiled with 1 warning
Compiling...
Compiled with warnings.

[eslint] 
src/components/Dashboard.js
  Line 29:12:  'storePlans' is defined but never used  no-unused-vars

src/components/GroceryList.js
  Line 44:9:   The 'mockRecipes' array makes the dependencies of useMemo Hook (at line 189) change on every render. To fix this, wrap the initialization of 'mockRecipes' in its own useMemo() Hook  react-hooks/exhaustive-deps
  Line 116:6:  React Hook useMemo has a missing dependency: 'defaultMealPlans'. Either include it or remove the dependency array                                                                     react-hooks/exhaustive-deps

Search for the keywords to learn more about each warning.
To ignore, add // eslint-disable-next-line to the line before.

WARNING in [eslint] 
src/components/Dashboard.js
  Line 29:12:  'storePlans' is defined but never used  no-unused-vars

src/components/GroceryList.js
  Line 44:9:   The 'mockRecipes' array makes the dependencies of useMemo Hook (at line 189) change on every render. To fix this, wrap the initialization of 'mockRecipes' in its own useMemo() Hook  react-hooks/exhaustive-deps
  Line 116:6:  React Hook useMemo has a missing dependency: 'defaultMealPlans'. Either include it or remove the dependency array                                                                     react-hooks/exhaustive-deps

webpack compiled with 1 warning
Compiling...
Compiled with warnings.

[eslint] 
src/components/Dashboard.js
  Line 29:12:  'storePlans' is defined but never used  no-unused-vars

src/components/GroceryList.js
  Line 44:9:   The 'mockRecipes' array makes the dependencies of useMemo Hook (at line 189) change on every render. To fix this, wrap the initialization of 'mockRecipes' in its own useMemo() Hook  react-hooks/exhaustive-deps
  Line 116:6:  React Hook useMemo has a missing dependency: 'defaultMealPlans'. Either include it or remove the dependency array                                                                     react-hooks/exhaustive-deps

Search for the keywords to learn more about each warning.
To ignore, add // eslint-disable-next-line to the line before.

WARNING in [eslint] 
src/components/Dashboard.js
  Line 29:12:  'storePlans' is defined but never used  no-unused-vars

src/components/GroceryList.js
  Line 44:9:   The 'mockRecipes' array makes the dependencies of useMemo Hook (at line 189) change on every render. To fix this, wrap the initialization of 'mockRecipes' in its own useMemo() Hook  react-hooks/exhaustive-deps
  Line 116:6:  React Hook useMemo has a missing dependency: 'defaultMealPlans'. Either include it or remove the dependency array                                                                     react-hooks/exhaustive-deps

webpack compiled with 1 warning
